// Jest Snapshot v1, https://goo.gl/fbAQLP

exports[`BloodTestList snapshot 1`] = `[Function]`;
